[    0.000000] Linux version 4.15.0-36-generic (buildd@lgw01-amd64-031) (gcc version 7.3.0 (Ubuntu 7.3.0-16ubuntu3)) #39-Ubuntu SMP Mon Sep 24 16:19:09 UTC 2018 (Ubuntu 4.15.0-36.39-generic 4.15.18)
[    0.000000] Command line: BOOT_IMAGE=/boot/vmlinuz-4.15.0-36-generic root=LABEL=cloudimg-rootfs ro console=tty1 console=ttyS0
[    0.000000] KERNEL supported cpus:
[    0.000000]   Intel GenuineIntel
[    0.000000]   AMD AuthenticAMD
[    0.000000]   Centaur CentaurHauls
[    0.000000] x86/fpu: Supporting XSAVE feature 0x001: 'x87 floating point registers'
[    0.000000] x86/fpu: Supporting XSAVE feature 0x002: 'SSE registers'
[    0.000000] x86/fpu: Supporting XSAVE feature 0x004: 'AVX registers'
[    0.000000] x86/fpu: xstate_offset[2]:  576, xstate_sizes[2]:  256
[    0.000000] x86/fpu: Enabled xstate features 0x7, context size is 832 bytes, using 'standard' format.
[    0.000000] e820: BIOS-provided physical RAM map:
[    0.000000] BIOS-e820: [mem 0x0000000000000000-0x000000000009fbff] usable
[    0.000000] BIOS-e820: [mem 0x000000000009fc00-0x000000000009ffff] reserved
[    0.000000] BIOS-e820: [mem 0x00000000000f0000-0x00000000000fffff] reserved
[    0.000000] BIOS-e820: [mem 0x0000000000100000-0x000000007ffeffff] usable
[    0.000000] BIOS-e820: [mem 0x000000007fff0000-0x000000007fffffff] ACPI data
[    0.000000] BIOS-e820: [mem 0x00000000fec00000-0x00000000fec00fff] reserved
[    0.000000] BIOS-e820: [mem 0x00000000fee00000-0x00000000fee00fff] reserved
[    0.000000] BIOS-e820: [mem 0x00000000fffc0000-0x00000000ffffffff] reserved
[    0.000000] NX (Execute Disable) protection: active
[    0.000000] SMBIOS 2.5 present.
[    0.000000] DMI: innotek Gmb VirtulBox/VirtualBox, BIOS VirtualBox 12/01/2006
[    0.000000] Hypervisor detected: KVM
[    0.000000] e820: last_pfn = 0x7fff0 max_arch_pfn = 0x400000000
[    0.000000] MTRR: Disabled
[    0.000000] x86/PAT: MTRRs disabled, skipping PAT initialization too.
[    0.000000] CPU MTRRs all blank - virtualized system.
[    0.000000] x86/PAT: Configuration [0-7]: WB  WT  UC- UC  WB  WT  UC- UC  
[    0.000000] found SMP MP-table at [mem 0x0009fff0-0x0009ffff] mapped at [        (ptrval)]
[    0.000000] Scanning 1 areas for low memory corruption
[    0.000000] RAMDISK: [mem 0x35ae3000-0x36d68fff]
[    0.000000] ACPI: Early table checksum verification disabled
[    0.000000] ACPI: RSDP 0x00000000000E0000 000024 (v02 VBOX  )
[    0.000000] ACPI: XSDT 0x000000007FFF0030 00003C (v01 VBOX   VBOXXSDT 00000001 ASL  00000061)
[    0.000000] ACPI: FACP 0x000000007FFF00F0 0000F4 (v04 VBOX   VBOXFACP 00000001 ASL  00000061)
[    0.000000] ACPI: DSDT 0x000000007FFF0470 0021FF (v02 VBOX   VBOXBIOS 00000002 INTL 20100528)
[    0.000000] ACPI: FACS 0x000000007FFF0200 000040
[    0.000000] ACPI: FACS 0x000000007FF0200 000040
[    0.000000] ACPI: APIC 0x000000007FFF0240 00005C (v02 VBOX   VBOXAPIC 00000001 ASL  00000061)
[    0.000000] ACPI: SSDT 0x000000007FFF02A0 0001CC (v01 VBOX   VBOXCPUT 00000002 INTL 20100528)
[    0.000000] No NUMA configuration found
[    0.000000] Faking a node at [mem 0x0000000000000000-0x000000007ffeffff]
[    0.000000] NODE_DATA(0) allocated [mem 0x7ffc5000-0x7ffeffff]
[    0.000000] kvm-clock: cpu 0, msr 0:7ff44001, primary cpu clock
[    0.000000] kvm-clock: Using msrs 4b564d01 and 4b564d00
[    0.000000] kvm-clock: using sched offset of 4804313646 cycles
[    0.000000] clocksource: kvm-clock: mask: 0xffffffffffffffff max_cycles: 0x1cd42e4dffb, max_idle_ns: 881590591483 ns
[    0.000000] Zone ranges:
[    0.000000]   DMA      [mem 0x0000000000001000-0x000000000ffffff
    0.0000]   DMA32    [mem 0x0000000001000000-0x000000007ffeffff]
[    0.000000]   Normal   empty
[    0.000000]   Device   empty
[    0.000000] Movable zone start for each node
[    0.000000] Early memory node ranges
[    0.000000]   node   0: [mem 0x0000000000001000-0x000000000009efff]
[    0.000000]   node   0: [mem 0x0000000000100000-0x000000007ffeffff]
[    0.000000] Initmem setup node 0 [mem 0x0000000000001000-0x000000007ffeffff]
[    0.000000] Reserved but unavailable: 98 pages
[    0.000000] ACPI: PM-Timer IO Port: 0x4008
[    0.000000] IOAPIC[0]: apic_id 2, version 32, address 0xfec00000, GSI 0-23
[    0.000000] ACPI: INT_SRC_OVR (bus 0 bus_irq 0 global_irq 2 dfl dfl)
[    0.000000] ACPI: INT_SRC_OVR (bus 0 bus_irq 9 global_irq 9 low level)
[    0.000000] Using ACPI MAT) for SMP cnfguratio information
[    0.000000] smpboot: Allowing 2 CPUs, 0 hotplug CPUs
[    0.000000] PM: Registered nosave memory: [mem 0x00000000-0x00000fff]
[    0.000000] PM: Registered noave memory: [mem 0x0009f00-x0009ffff]
[   0.000000] PM: Registered nosave memory: [mem 0x000a0000-0x000effff]
[    0.000000] PM: Registered nosave memory: [mem 0x000f0000-0x000fffff]
[    0.000000] e80: [mem x8000000-0xfebfffff] available for PCI devices
[   .000000] Botig paravirtualized krnl on KVM
[    0.000000] clocksource: refined-jiffies: mask: 0xffffffff max_cycles: 0xffffffff, max_idle_ns: 7645519600211568 ns
[  0.000000] randm:get_random_bytes called from start_kernel+0x99/0x4fd with crng_init=0
[    0.000000] setup_percpu: NR_CPUS:8192 nr_cpumask_bits:2 nr_cpu_ids:2 nr_node_ids:1
[    0.000000] percpu: Embedded 46 pages/cpu @        (ptrval) s151552 r8192 d28672 u1048576
[    0.000000] PV qspinlock hash table entries: 256 (order: 0, 4096 bytes)
[    0.000000] Built 1 zonelists, mobility grouping on.  Total pages:515961
[    0.000000] Policy zone: DMA32
[    0.000000] Kernel command line: BOOT_IMAGE=/boot/vmlinuz-4.15.0-36-generic root=LABEL=cloudimg-rootfs ro console=tty1 console=ttyS0
[    0.000000] Memory: 2015808K/296696K available (12300K kernel code, 2472K rwdata, 4248K rodata, 2408K init, 2416K bss, 80888K reserved, 0K cma-reservedd)
[    0.000000] SLUB: HWalign=64, Order=0-3, MinObjects=0, CPUs=2, Nodes=1
[    0.000000] Kernel/User page tables isolation: enabled
[    0.000000] ftrace: allocating 39168 entries in 154 pages
[    0.004000] Hierarchical RCU implementation.
[    0.004000] 	RCU restricting CPUs from NR_CPUS=8192 to nr_cpu_ids=2.
[    0.004000] 	Tasks RCU enabled.
[    0.004000] RCU: Adjusting geometry for rcu_fanout_leaf=16, nr_cpu_ids=2
[    0.004000] NR_IRQS: 524544, nr_irqs: 440, preallocated irqs: 16
[    0.004000] Console: colour VGA+ 80x25
[    0.004000] console [tty1] enabled
[    0.004000] console [ttyS0] enabled
[    0.004000] ACPI: Core revision 20170831
[    0.004000] ACPI: 2 ACPI AML tables successfully acquired and loaded
[    0.004000] APIC: Switch to symmetric I/O mode setup
[    0.004000] x2apic enabled
[    0.004000] Switched APIC routing to physical x2apic.
[    0.004000] ..TIMER: vector=0x30 apic1=0 pin1=2 apic2=-1 pin2=-1
[    0.004006] tsc: Detected 2893.316 MHz processor
[    0.004877] Calibrating lay loop (skipped) preset value.. 5786.63 BogoMIPS (lpj=11573264)
[    0.008008] pid_max: default: 32768 minimum: 301
[    0.008692] Security Framework initialized
[    0.009322] Yama: becoming mindful.
[    0.012023] AppArmor: AppArmor initialized
[    0.016215] Dentry cache hash table entries: 262144 (order: 9, 2097152 bytes)
[    0.020056] Inode-cache hash table entries: 131072 (order: 8, 1048576 bytes)
[    0.021054] Mount-cache hash table entries: 4096 (order: 3, 32768 bytes)
[    0.021914] Mountpoint-cache hash table entries: 4096 (order: 3, 32768 bytes)
[    0.023105] mce: CPU supports 0 MCE banks
[    0.024015] Last level iTLB entries: 4KB 1024, 2MB 1024, 4MB 1024
[    0.024820] Last level dTLB entries: 4KB 1024, 2MB 1024, 4MB 1024, 1GB 4
[    0.025850] Spectre V2 : Mitigation: Full generic retpoline
[    0.026759] Spectre V2 : Spectre v2 / SpectreRSB mitigation: Filling RSB on context switch
[    0.028002] Speculative Store Bypass: Vulnerable
[    0.028762] Freeing SMP alternatives memory: 36K
[    0.032000] smpboot: CPU0: Intel(R) Core(TM) i5-4570T CPU @ 2.90GHz (family: 0x6, model: 0x3c, stepping: 0x3)
[    0.032084] Performance Events: unsupported p6 CPU model 60 no PMU driver, software events only.
[    0.036058] Hierarchical SRCU implementation.
[    0.040189] NMI watchdog: Perf event create on CPU 0 failed with -2
[    0.044005] NMI watchdog: Perf NMI watchdog permanently disabled
[    0.048059] smp: Bringing up secondary CPUs ...
[    0.048761] x86: Booting SMP configuration:
[    0.049404] .... node  #0, CPUs:      #1
[    0.004000] kvm-clock: cpu 1, msr 0:7ff44041, secondary cpu clock
[    0.004000] mce: CPU supports 0 MCE banks
[    0.056020] smp: Brought up 1 node, 2 CPUs
[    0.060011] smpboot: Max logical packages: 1
[    0.060683] smpboot: Total of 2 processors activated (11573.26 BogoMIPS)
[    0.064193] devtmpfs: initialized
[    0.064581] x86/mm: Memory block size: 128MB
[    0.065359] evm: security.selinux
[    0.065847] evm: security.SMACK64
[    0.066348] evm: security.SMACK64EXEC
[    0.068003] evm: security.SMACK64TRANSMUTE
[    0.068631] evm: security.SMACK64MMAP
[    0.069148] evm: security.apparmor
[    0.069648] evm: security.ima
[    0.072004] evm: security.capability
[    0.072587] clocksource: jiffies: mask: 0xffffffff max_cycles: 0xffffffff, max_idle_ns: 7645041785100000 ns
[    0.076023] futex hash table entries: 512 (order: 3, 32768 bytes)
[    0.080057] pinctrl core: initialized pinctrl subsystem
[    0.080858] RTC time: 12:31:10, date: 11/04/18
[    0.081595] NET: Registered protocol family 16
[    0.084090] audit: initializing netlink subsys (disabled)
[    0.088051] audit: type=2000 audit(1541334675.542:1): state=initialized audit_enabled=0 res=1
[    0.100018] cpuidle: using governor ladder
[    0.100628] cpuidle: using governor menu
[    0.101240] ACPI: bus type PCI registered
[    0.101821] acpiphp: ACPI Hot Plug PCI Controller Driver version: 0.5
[    0.104096] PCI: Using configuration type 1 for base access
[    0.108051] HugeTLB registered 2.00 MiB page size, pre-allocated 0 pages
[    0.128119] ACPI: Added _OSI(Module Device)
[    0.140007] ACPI: Added _OSI(Processor Device)
[    0.160006] ACPI: Added _OSI(3.0 _SCP Extensions)
[    0.192019] ACPI: Added _OSI(Processor Aggregator Device)
[    0.204006] ACPI: Added _OSI(Linux-Dell-Video)
[    0.204006] ACPI: Added _OSI(Linux-Lenovo-NV-HDMI-Audio)
[    0.204972] ACPI: Executed 1 blocks of module-level executable AML code
[    0.215172] ACPI: Interpreter enabled
[    0.215716] ACPI: (supports S0 S5)
[    0.220003] ACPI: Using IOAPIC for interrupt routing
[    0.236369] PCI: Using host bridge windows from ACPI; if necessary, use "pci=nocrs" and report a bug
[    0.244269] ACPI: Enabled 2 GPEs in block 00 to 07
[    0.268051] ACPI: PCI Root Bridge [PCI0] (domain 0000 [bus 00-ff])
[    0.268931] acpi PNP0A03:00: _OSC: OS supports [ASPM ClockPM Segments MSI]
[    0.272000] acpi PNP0A03:00: _OSC: not requesting OS control; OS requires [ExtendedConfig ASPM ClockPM MSI]
[    0.300023] acpi PNP0A03:00: fail to add MMCONFIG information, can't access extended PCI configuration space under this bridge.
[    0.312365] PCI host bridge to bus 0000:00
[    0.314888] pci_bus 0000:00: root bus resource [io  0x0000-0x0cf7 window]
[    0.320005] pci_bus 0000:00: root bus resource [io  0x0d00-0xffff window]
[    0.320908] pci_bus 0000:00: root bus resource [mem 0x000a0000-0x000bffff window]
[    0.321944] pci_bus 0000:00: root bus resource [mem 0x80000000-0xfdffffff window]
[    0.324007] pci_bus 0000:00: root bus resource [bus 00-ff]
[    0.344804] pci 0000:00:01.1: legacy IDE quirk: reg 0x10: [io  0x01f0-0x01f7]
[    0.352005] pci 0000:00:01.1: legacy IDE quirk: reg 0x14: [io  0x03f6]
[    0.352888] pci 0000:00:01.1: legacy IDE quirk: reg 0x18: [io  0x0170-0x0177]
[    0.353816] pci 0000:00:01.1: legacy IDE quirk: reg 0x1c: [io  0x0376]
[    0.387804] pci 0000:00:07.0: quirk: [io  0x4000-0x403f] claimed by PIIX4 ACPI
[    0.388023] pci 0000:00:07.0: quirk: [io  0x4100-0x410f] claimed by PIIX4 SMB
[    0.440027] ACPI: PCI Interrupt Link [LNKA] (IRQs 5 9 10 *11)
[    0.456361] ACPI: PCI Interrupt Link [LNKB] (IRQs 5 9 *10 11)
[    0.476150] ACPI: PCI Interrupt Link [LNKC] (IRQs 5 *9 10 11)
[    0.484116] ACPI: PCI Interrupt Link [LNKD] (IRQs 5 9 10 *11)
[    0.492585] SCSI subsystem initialized
[    0.496094] pci 0000:00:02.0: vgaarb: setting as boot VGA device
[    0.500000] pci 0000:00:02.0: vgaarb: VGA device added: decodes=io+mem,owns=io+mem,locks=none
[    0.516010] pci 0000:00:02.0: vgaarb: bridge control possible
[    0.516779] vgaarb: loaded
[    0.517223] ACPI: bus type USB registered
[    0.517843] usbcore: registered new interface driver usbfs
[    0.518597] usbcore: registered new interface driver hub
[    0.520001] usbcore: registered new device driver usb
[    0.520041] EDAC MC: Ver: 3.0.0
[    0.520704] PCI: Using ACPI for IRQ routing
[    0.520899] NetLabel: Initializing
[    0.528005] NetLabel:  domain hash size = 128
[    0.528632] NetLabel:  protocols = UNLABELED CIPSOv4 CALIPSO
[    0.532023] NetLabel:  unlabeled traffic allowed by default
[    0.532825] clocksource: Switched to clocksource kvm-clock
[    0.551776] VFS: Disk quotas dquot_6.6.0
[    0.552453] VFS: Dquot-cache hash table entries: 512 (order 0, 4096 bytes)
[    0.553429] AppArmor: AppArmor Filesystem Enabled
[    0.554092] pnp: PnP ACPI init
[    0.555412] pnp: PnP ACPI: found 3 devices
[    0.561565] clocksource: acpi_pm: mask: 0xffffff max_cycles: 0xffffff, max_idle_ns: 2085701024 ns
[    0.562848] NET: Registered protocol family 2
[    0.563609] TCP established hash table entries: 16384 (order: 5, 131072 bytes)
[    0.564674] TCP bind hash table entries: 16384 (order: 6, 262144 bytes)
[    0.568571] TCP: Hash tables configured (established 16384 bind 16384)
[    0.611746] UDP hash table entries: 1024 (order: 3, 32768 bytes)
[    0.612679] UDP-Lite hash table entries: 1024 (order: 3, 32768 bytes)
[    0.613576] NET: Registered protocol family 1
[    0.614180] pci 0000:00:00.0: Limiting direct PCI/PCI transfers
[    0.614977] pci 0000:00:01.0: Activating ISA DMA hang workarounds
[    0.615874] pci 0000:00:02.0: Video device with shadowed ROM at [mem 0x000c0000-0x000dffff]
[    0.617121] Unpacking initramfs...
[    0.926652] Freeing initrd memory: 18968K
[    0.939127] platform rtc_cmos: registered platform RTC device (no PNP device found)
[    0.940187] Scanning for low memory corruption every 60 seconds
[    0.960265] Initialise system trusted keyrings
[    0.971063] Key type blacklist registered
[    0.973033] workingset: timestamp_bits=36 max_order=19 bucket_order=0
[    0.977428] zbud: loaded
[    0.978725] squashfs: version 4.0 (2009/01/31) Phillip Lougher
[    0.979821] fuse init (API version 7.26)
[    0.983060] Key type asymmetric registered
[    0.983667] Asymmetric key parser 'x509' registered
[    0.987565] Block layer SCSI generic (bsg) driver version 0.4 loaded (major 246)
[    0.988705] io scheduler noop registered
[    0.989272] io scheduler deadline registered
[    0.989952] io scheduler cfq registered (default)
[    0.990843] ACPI: AC Adapter [AC] (on-line)
[    0.991641] input: Power Button as /devices/LNXSYSTM:00/LNXPWRBN:00/input/input0
[    1.014709] ACPI: Power Button [PWRF]
[    1.016616] input: Sleep Button as /devices/LNXSYSTM:00/LNXSLPBN:00/input/input1
[    1.017656] ACPI: Sleep Button [SLPF]
[    1.018550] Serial: 8250/16550 driver, 32 ports, IRQ sharing enabled
[    1.044835] 00:02: ttyS0 at I/O 0x3f8 (irq = 4, base_baud = 115200) is a 16550A
[    1.050937] Linux agpgart interface v0.103
[    1.056208] loop: module loaded
[    1.057253] scsi host0: ata_piix
[    1.057881] scsi host1: ata_piix
[    1.058603] ata1: PATA max UDMA/33 cmd 0x1f0 ctl 0x3f6 bmdma 0xd000 irq 14
[    1.059537] ata2: PATA max UDMA/33 cmd 0x170 ctl 0x376 bmdma 0xd008 irq 15
[    1.062411] libphy: Fixed MDIO Bus: probed
[    1.075046] tun: Universal TUN/TAP device driver, 1.6
[    1.104474] PPP generic driver version 2.4.2
[    1.120159] ehci_hcd: USB 2.0 'Enhanced' Host Controller (EHCI) Driver
[    1.125547] ehci-pci: EHCI PCI platform driver
[    1.126233] ehci-platform: EHCI generic platform driver
[    1.126992] ohci_hcd: USB 1.1 'Open' Host Controller (OHCI) Driver
[    1.127854] ohci-pci: OHCI PCI platform driver
[    1.128498] ohci-platform: OHCI generic platform driver
[    1.129285] uhci_hcd: USB Universal Host Controller Interface driver
[    1.130159] i8042: PNP: PS/2 Controller [PNP0303:PS2K,PNP0f03:PS2M] at 0x60,0x64 irq 1,12
[    1.139423] serio: i8042 KBD port at 0x60,0x64 irq 1
[    1.153404] serio: i8042 AUX port at 0x60,0x64 irq 12
[    1.154370] mousedev: PS/2 mouse device common for all mice
[    1.155749] input: AT Translated Set 2 keyboard as /devices/platform/i8042/serio0/input/input2
[    1.157020] rtc_cmos rtc_cmos: rtc core: registered rtc_cmos as rtc0
[    1.158397] rtc_cmos rtc_cmos: alarms up to one day, 114 bytes nvram
[    1.161500] i2c /dev entries driver
[    1.166867] pcie_mp2_amd: AMD(R) PCI-E MP2 Communication Driver Version: 1.0
[    1.172652] device-mapper: uevent: version 1.0.3
[    1.173440] device-mapper: ioctl: 4.37.0-ioctl (2017-09-20) initialised: dm-devel@redhat.com
[    1.176190] ledtrig-cpu: registered to indicate activity on CPUs
[    1.184434] NET: Registered protocol family 10
[    1.188297] Segment Routing with IPv6
[    1.192298] NET: Registered protocol family 17
[    1.200117] Key type dns_resolver registered
[    1.220719] RAS: Correctable Errors collector initialized.
[    1.223699] sched_clock: Marking stable (1220673935, 0)->(2642592354, -1421918419)
[    1.244043] registered taskstats version 1
[    1.244638] Loading compiled-in X.509 certificates
[    1.247450] Loaded X.509 cert 'Build time autogenerated kernel key: fcd93cd0852f7ae1da10896371e06e3c19479c00'
[    1.259393] zswap: loaded using pool lzo/zbud
[    1.264943] Key type big_key registered
[    1.265646] Key type trusted registered
[    1.267641] Key type encrypted registered
[    1.268287] AppArmor: AppArmor sha1 policy hashing enabled
[    1.269043] ima: No TPM chip found, activating TPM-bypass! (rc=-19)
[    1.269890] ima: Allocated hash algorithm: sha1
[    1.270527] evm: HMAC attrs: 0x1
[    1.271264]   Magic number: 10:81:531
[    1.271832] tty ttyS11: hash matches
[    1.275587] rtc_cmos rtc_cmos: setting system clock to 2018-11-04 12:31:11 UTC (1541334671)
[    1.277577] BIOS EDD facility v0.16 2004-Jun-25, 0 devices found
[    1.286172] EDD information not available.
[    1.289042] Freeing unused kernel memory: 2408K
[    1.318436] Write protecting the kernel read-only data: 20480k
[    1.337733] Freeing unused kernel memory: 2008K
[    1.345901] Freeing unused kernel memory: 1896K
[    1.351543] x86/mm: Checked W+X mappings: passed, no W+X pages found.
[    1.352726] x86/mm: Checking user space page tables
[    1.359116] x86/mm: Checked W+X mappings: passed, no W+X pages found.
Loading, please wait...
starting version 237
[    1.427488] e1000: Intel(R) PRO/1000 Network Driver - version 7.3.21-k8-NAPI
[    1.428779] e1000: Copyright (c) 1999-2006 Intel Corporation.
[    1.430860] Fusion MPT base driver 3.04.20
[    1.431446] Copyright (c) 1999-2008 LSI Corporation
[    1.437697] Fusion MPT SPI Host driver 3.04.20
[    1.450758] AVX2 version of gcm_enc/dec engaged.
[    1.451433] AES CTR mode by8 optimization enabled
[    1.642939] input: ImExPS/2 Generic Explorer Mouse as /devices/platform/i8042/serio1/input/input4
[    1.802007] e1000 0000:00:03.0 eth0: (PCI:33MHz:32-bit) 02:64:b1:f0:58:a2
[    1.952654] tsc: Refined TSC clocksource calibration: 2895.056 MHz
[    1.952670] clocksource: tsc: mask: 0xffffffffffffffff max_cycles: 0x29bb04afd06, max_idle_ns: 440795351496 ns
[    1.975199] e1000 0000:00:03.0 eth0: Intel(R) PRO/1000 Network Connection
[    1.979795] mptbase: ioc0: Initiating bringup
[    2.752745] ioc0: LSI53C1030 A0: Capabilities={Initiator}
[    4.696411] scsi host2: ioc0: LSI53C1030 A0, FwRev=00000000h, Ports=1, MaxQ=256, IRQ=20
[    5.663690] scsi 2:0:0:0: Direct-Access     VBOX     HARDDISK         1.0  PQ: 0 ANSI: 5
[    5.730035] scsi target2:0:0: Beginning Domain Validation
[    5.764743] scsi target2:0:0: Domain Validation skipping write tests
[    5.765859] scsi target2:0:0: Ending Domain Validation
[    5.766831] scsi target2:0:0: asynchronous
[    5.767829] scsi 2:0:1:0: Direct-Access     VBOX     HARDDISK         1.0  PQ: 0 ANSI: 5
[    5.800048] scsi target2:0:1: Beginning Domain Validation
[    5.801624] random: fast init done
[    5.807709] scsi target2:0:1: Domain Validation skipping write tests
[    5.808781] scsi target2:0:1: Ending Domain Validation
[    5.815228] scsi target2:0:1: asynchronous
[    5.819574] sd 2:0:0:0: [sda] 20971520 512-byte logical blocks: (10.7 GB/10.0 GiB)
[    5.821000] sd 2:0:0:0: [sda] Write Protect is off
[    5.821970] sd 2:0:0:0: [sda] Incomplete mode parameter data
[    5.822146] random: systemd-udevd: uninitialized urandom read (16 bytes read)
[    5.822161] random: systemd-udevd: uninitialized urandom read (16 bytes read)
[    5.822163] random: systemd-udevd: uninitialized urandom read (16 bytes read)
[    5.837145] sd 2:0:0:0: [sda] Assuming drive cache: write through
[    5.840282] sd 2:0:0:0: Attached scsi generic sg0 type 0
[    5.841554] sd 2:0:1:0: Attached scsi generic sg1 type 0
[    5.850640] sd 2:0:1:0: [sdb] 20480 512-byte logical blocks: (10.5 MB/10.0 MiB)
[    5.851950] sd 2:0:1:0: [sdb] Write Protect is off
[    5.861794] sd 2:0:1:0: [sdb] Incomplete mode parameter data
[    5.863778] sd 2:0:1:0: [sdb] Assuming drive cache: write through
[    5.956865]  sda: sda1
[    5.969251] sd 2:0:0:0: [sda] Attached SCSI disk
[    6.001435] sd 2:0:1:0: [sdb] Attached SCSI disk
[    6.111726] e1000 0000:00:08.0 eth1: (PCI:33MHz:32-bit) 08:00:27:e8:ff:eb
[    6.113088] e1000 0000:00:08.0 eth1: Intel(R) PRO/1000 Network Connection
[    6.501526] e1000 0000:00:09.0 eth2: (PCI:33MHz:32-bit) 08:00:27:d0:f1:7b
[    6.502483] e1000 0000:00:09.0 eth2: Intel(R) PRO/1000 Network Connection
[    6.504266] e1000 0000:00:08.0 enp0s8: renamed from eth1
[    6.521002] e1000 0000:00:03.0 enp0s3: renamed from eth0
[    6.536597] e1000 0000:00:09.0 enp0s9: renamed from eth2
Begin: Loading essential drivers ... [    8.020058] raid6: sse2x1   gen()  7445 MB/s
[    8.068409] raid6: sse2x1   xor()  6227 MB/s
[    8.116251] raid6: sse2x2   gen() 12262 MB/s
[    8.164071] raid6: sse2x2   xor()  7746 MB/s
[    8.212398] raid6: sse2x4   gen() 14554 MB/s
[    8.260076] raid6: sse2x4   xor()  8303 MB/s
[    8.308089] raid6: avx2x1   gen() 19118 MB/s
[    8.356415] raid6: avx2x1   xor() 13180 MB/s
[    8.404252] raid6: avx2x2   gen() 22279 MB/s
[    8.452621] raid6: avx2x2   xor() 13505 MB/s
[    8.532172] raid6: avx2x4   gen() 26885 MB/s
[    8.580034] raid6: avx2x4   xor() 16372 MB/s
[    8.580845] raid6: using algorithm avx2x4 gen() 26885 MB/s
[    8.581877] raid6: .... xor() 16372 MB/s, rmw enabled
[    8.583124] raid6: using avx2x2 recovery algorithm
[    8.592608] xor: automatically using best checksumming function   avx       
[    8.600322] async_tx: api initialized (async)
done.
Begin: Running /scripts/init-premount ... done.
Begin: Mounting root file system ... Begin: Running /scripts/local-top ... done.
Begin: Running /scripts/local-premount ... [    8.644458] Btrfs loaded, crc32c=crc32c-intel
Scanning for Btrfs filesystems
done.
Warning: fsck not present, so skipping root file system
[    8.888860] EXT4-fs (sda1): mounted filesystem with ordered data mode. Opts: (null)
done.
Begin: Running /scripts/local-bottom ... done.
Begin: Running /scripts/init-bottom ... done.
[   11.050217] random: crng init done
[   11.051835] random: 7 urandom warning(s) missed due to ratelimiting
[   12.407303] ip_tables: (C) 2000-2006 Netfilter Core Team
[   13.416645] systemd[1]: systemd 237 running in system mode. (+PAM +AUDIT +SELINUX +IMA +APPARMOR +SMACK +SYSVINIT +UTMP +LIBCRYPTSETUP +GCRYPT +GNUTLS +ACL +XZ +LZ4 +SECCOMP +BLKID +ELFUTILS +KMOD -IDN2 +IDN -PCRE2 default-hierarchy=hybrid)
[   13.767499] systemd[1]: Detected virtualization oracle.
[   13.770120] systemd[1]: Detected architecture x86-64.

Welcome to [1mUbuntu 18.04.1 LTS[0m!

[   13.894248] systemd[1]: Set hostname to <ubuntu>.
[   14.165152] systemd[1]: Initializing machine ID from random generator.
[   14.547850] systemd[1]: Installed transient /etc/machine-id file.
[   19.867593] systemd[1]: Reached target User and Group Name Lookups.
[[0;32m  OK  [0m] Reached target User and Group Name Lookups.
[   19.933671] systemd[1]: Reached target System Time Synchronized.
[[0;32m  OK  [0m] Reached target System Time Synchronized.
[   19.936178] systemd[1]: Set up automount Arbitrary Executable File Formats File System Automount Point.
[[0;32m  OK  [0m] Set up automount Arbitrary Executabâ€¦rmats File System Automount Point.
[   19.940999] systemd[1]: Created slice System Slice.
[[0;32m  OK  [0m] Created slice System Slice.
[   19.943051] systemd[1]: Listening on Journal Audit Socket.
[[0;32m  OK  [0m] Listening on Journal Audit Socket.
[   19.945055] systemd[1]: Listening on Device-mapper event daemon FIFOs.
[[0;32m  OK  [0m] Listening on Device-mapper event daemon FIFOs.
[   19.947800] systemd[1]: Created slice system-serial\x2dgetty.slice.
[[0;32m  OK  [0m] Created slice system-serial\x2dgetty.slice.
[   19.950107] systemd[1]: Listening on LVM2 metadata daemon socket.
[[0;32m  OK  [0m] Listening on LVM2 metadata daemon socket.
[   19.952744] systemd[1]: Listening on Syslog Socket.
[[0;32m  OK  [0m] Listening on Syslog Socket.
[   19.979458] systemd[1]: Listening on Journal Socket.
[[0;32m  OK  [0m] Listening on Journal Socket.
         Mounting POSIX Message Queue File System...
[[0;32m  OK  [0m] Listening on LVM2 poll daemon socket.
         Starting Uncomplicated firewall...
         Starting Create list of required stâ€¦ce nodes for the current kernel...
[[0;32m  OK  [0m] Started Forward Password Requests to Wall Directory Watch.
[[0;32m  OK  [0m] Reached target Swap.
[[0;32m  OK  [0m] Created slice User and Session Slice.
[[0;32m  OK  [0m] Reached target Slices.
[[0;32m  OK  [0m] Listening on /dev/initctl Compatibility Named Pipe.
         Starting Monitoring of LVM2 mirrorsâ€¦ng dmeventd or progress polling...
[[0;32m  OK  [0m] Listening on Journal Socket (/dev/log).
         Starting Journal Service...
[[0;32m  OK  [0m] Listening on Network Service Netlink Socket.
         Starting Set the console keyboard layout...
         Starting Load Kernel Modules...
[[0;32m  OK  [0m] Listening on udev Control Socket.
         Mounting Kernel Debug File System...
[[0;32m  OK  [0m] Listening on udev Kernel Socket.
         Starting udev Coldplug all Devices...
         Starting Remount Root and Kernel File Systems...
         Mounting Huge Pages File System...
[[0;32m  OK  [0m] Started Journal Service.
[[0;32m  OK  [0m] Started Create list of required staâ€¦vice nodes for the current kernel.
[[0;32m  OK  [0m] Started Uncomplicated firewall.
         Starting Create Static Device Nodes in /dev...
[[0;32m  OK  [0m] Started udev Coldplug all Devices.
[   21.789586] Loading iSCSI transport class v2.0-870.
[   22.067451] iscsi: registered transport (tcp)
[[0;32m  OK  [0m] Started Create Static Device Nodes in /dev.
[   22.827339] iscsi: registered transport (iser)
[[0;32m  OK  [0m] Started Load Kernel Modules.
         Mounting Kernel Configuration File System...
         Mounting FUSE Control File System...
         Starting Apply Kernel Variables...
[[0;32m  OK  [0m] Mounted POSIX Message Queue File System.
[[0;32m  OK  [0m] Mounted Kernel Debug File System.
[[0;32m  OK  [0m] Started Remount Root and Kernel File Systems.
[[0;32m  OK  [0m] Mounted Huge Pages File System.
[[0;32m  OK  [0m] Mounted Kernel Configuration File System.
[[0;32m  OK  [0m] Mounted FUSE Control File System.
[[0;32m  OK  [0m] Started Apply Kernel Variables.
         Starting udev Kernel Device Manager...
         Starting Flush Journal to Persistent Storage...
         Starting Load/Save Random Seed...
         Starting Initial cloud-init job (pre-networking)...
[[0;32m  OK  [0m] Started LVM2 metadata daemon.
[[0;32m  OK  [0m] Started Set the console keyboard layout.
[[0;32m  OK  [0m] Started Load/Save Random Seed.
[[0;32m  OK  [0m] Started Monitoring of LVM2 mirrors,â€¦sing dmeventd or progress polling.
[[0;32m  OK  [0m] Reached target Local File Systems (Pre).
[[0;32m  OK  [0m] Reached target Local File Systems.
         Starting Commit a transient machine-id on disk...
         Starting AppArmor initialization...
         Starting Set console font and keymap...
         Starting Tell Plymouth To Write Out Runtime Data...
         Starting ebtables ruleset management...
[[0;32m  OK  [0m] Started udev Kernel Device Manager.
[[0;32m  OK  [0m] Started Flush Journal to Persistent Storage.
         Starting Create Volatile Files and Directories...
[[0;32m  OK  [0m] Started Dispatch Password Requests to Console Directory Watch.
[[0;32m  OK  [0m] Reached target Local Encrypted Volumes.
[[0;32m  OK  [0m] Started Set console font and keymap.
[[0;32m  OK  [0m] Started Tell Plymouth To Write Out Runtime Data.
[[0;32m  OK  [0m] Started Create Volatile Files and Directories.
         Starting Update UTMP about System Boot/Shutdown...
[[0;32m  OK  [0m] Started Update UTMP about System Boot/Shutdown.
[[0;32m  OK  [0m] Started Commit a transient machine-id on disk.
[[0;32m  OK  [0m] Found device /dev/ttyS0.
[[0;32m  OK  [0m] Listening on Load/Save RF Kill Switch Status /dev/rfkill Watch.
[[0;32m  OK  [0m] Started ebtables ruleset management.
[[0;32m  OK  [0m] Started AppArmor initialization.
[   32.552473] cloud-init[410]: Cloud-init v. 18.3-9-g2e62cb8a-0ubuntu1~18.04.2 running 'init-local' at Sun, 04 Nov 2018 12:31:42 +0000. Up 31.85 seconds.
[[0;32m  OK  [0m] Started Initial cloud-init job (pre-networking).
[[0;32m  OK  [0m] Reached target Network (Pre).
         Starting Network Service...
[[0;32m  OK  [0m] Started Network Service.
         Starting Wait for Network to be Configured...
         Starting Network Name Resolution...
[[0;32m  OK  [0m] Started Network Name Resolution.
[[0;32m  OK  [0m] Reached target Network.
[[0;32m  OK  [0m] Reached target Host and Network Name Lookups.
[[0;32m  OK  [0m] Started Wait for Network to be Configured.
         Starting Initial cloud-init job (metadata service crawler)...
[   39.326596] cloud-init[643]: Cloud-init v. 18.3-9-g2e62cb8a-0ubuntu1~18.04.2 running 'init' at Sun, 04 Nov 2018 12:31:45 +0000. Up 34.81 seconds.
[   39.349443] cloud-init[643]: ci-info: ++++++++++++++++++++++++++++++++++++++Net device info+++++++++++++++++++++++++++++++++++++++
[   39.351576] cloud-init[643]: ci-info: +--------+-------+----------------------------+---------------+--------+-------------------+
[   39.353705] cloud-init[643]: ci-info: | Device |   Up  |          Address           |      Mask     | Scope  |     Hw-Address    |
[[0;32m  OK  [0m] Started Initial cloud-init job (metadata service crawler).
[   39.407363] cloud-init[[0;32m  OK  [0m] Reached target Cloud-config availability.
[[0;32m  OK  [0m] Reached target Network is Online.
[643]: ci-info: +--------+-------+----------------------------+---------------+--------+-------------------+
[   39.422242] cloud-init[643]: ci-info: | enp0s3 |  True |         10.0.2.15          | 255.255.255.0 | global | 02:64:b1:f0:58:a2 |
[   39.437468] cloud-init[643]: ci-info: | enp0s3 |  True | fe80::64:b1ff:fef0:58a2/64 |       .       |  link  | 02:64:b1:f0:58:a2 |
[   39.440513] cloud-init[643]: ci-info: | enp0s8 | False |             .              |       .       |   .    | 08:00:27:e8:ff:eb |
[   39.447230] cloud-init[643]: ci-info: | enp0s9 | False |             .              |       .       |   .    | 08:00:27:d0:f1:7b |
         Starting Availability of block devices...
[[0;32m  OK  [0m] Reached target Remote File Systems (Pre).
[[0;32m  OK  [0m] Reached target Remote File Systems.
[[0;32m  OK  [0m] Reached target System Initialization.
[   39.522550] cloud-init[643]: ci-info: |   lo   |  True |         127.0.0.1          |   255.0.0.0   |  host  |         .         |
[   39.604635] cloud-init[643]: ci-info: |   lo   |  True |          ::1/128           |       .       |  host  |         .         |
[   39.668489] cloud-init[643]: ci-info: +--------+-------+----------------------------+---------------+--------+-------------------+
[[   39.764424] cloud-init[643]: ci-info: ++++++++++++++++++++++++++++Route IPv4 info+++++++++++++++++++++++++++++
[   39.764506] cloud-init[643]: ci-info: +-------+-------------+----------+-----------------+-----------+-------+
[   39.765104] cloud-init[643]: ci-info: | Route | Destination | Gateway  |     Genmask     | Interface | Flags |
[   39.765149] cloud-init[643]: ci-info: +-------+-------------+----------+-----------------+-----------+-------+
[   39.765179] cloud-init[643]: ci-info: |   0   |   0.0.0.0   | 10.0.2.2 |     0.0.0.0     |   enp0s3  |   UG  |
[   39.765207] cloud-init[643]: ci-info: |   1   |   10.0.2.0  | 0.0.0.0  |  255.255.255.0  |   enp0s3  |   U   |
[   39.765238] cloud-init[643]: ci-info: |   2   |   10.0.2.2  | 0.0.0.0  | 255.255.255.255 |   enp0s3  |   UH  |
[   39.765269] cloud-init[643]: ci-info: +-------+-------------+----------+-----------------+-----------+-------+
[   39.765297] cloud-init[643]: ci-info: +++++++++++++++++++Route IPv6 info+++++++++++++++++++
[   39.765330] cloud-init[643]: ci-info: +-------+-------------+---------+-----------+-------+
[   39.765652] cloud-init[643]: ci-info: | Route | Destination | Gateway | Interface | Flags |
[   39.765693] cloud-init[643]: ci-info: +-------+-------------+---------+-----------+-------+
[   39.765729] cloud-init[643]: ci-info: |   1   |  fe80::/64  |    ::   |   enp0s3  |   U   |
[   39.765765] cloud-init[643]: ci-info: |   3   |    local    |    ::   |   enp0s3  |   U   |
[   39.765799] cloud-init[643]: ci-info: |   4   |   ff00::/8  |    ::   |   enp0s3  |   U   |
[   39.765833] cloud-init[643]: ci-info: +-------+-------------+---------+-----------+-------+
[   39.765865] cloud-init[643]: Generating public/private rsa key pair.
[   39.765902] cloud-init[643]: Your identification has been saved in /etc/ssh/ssh_host_rsa_key.
[   39.765936] cloud-init[643]: Your public key has been saved in /etc/ssh/ssh_host_rsa_key.pub.
[   39.765968] cloud-init[643]: The key fingerprint is:
[   39.765998] cloud-init[643]: SHA256:0LbF8fXyRYc/YPJ+vUtKDQlVNtKu1Sdjc8SZoHKc6Nw root@ubuntu-bionic
[   39.766028] cloud-init[643]: The key's randomart image is:
[   39.766061] cloud-init[643]: +---[RSA 2048]----+
[   39.766095] cloud-init[643]: |          .  +=*=|
[   39.766129] cloud-init[643]: |       . .o++++*=|
[   39.766166] cloud-init[643]: |      . ooo*= +o+|
[   39.766197] cloud-init[643]: |       ooo+ ..***|
[   39.766230] cloud-init[643]: |        So E.+o==|
[   39.766265] cloud-init[643]: |             oo..|
[   39.766296] cloud-init[643]: |             ..o.|
[   39.766327] cloud-init[643]: |            . o. |
[   39.766358] cloud-init[643]: |             . ..|
[   39.766393] cloud-init[643]: +----[SHA256]-----+
[   39.766428] cloud-init[643]: Generating public/private dsa key pair.
[   39.766463] cloud-init[643]: Your identification has been saved in /etc/ssh/ssh_host_dsa_key.
[   39.766494] cloud-init[643]: Your public key has been saved in /etc/ssh/ssh_host_dsa_key.pub.
[   39.766524] cloud-init[643]: The key fingerprint is:
[   39.766553] cloud-init[643]: SHA256:/mW2KGciGXmy6KyMu19B0h/xh2tv01Y9iLF84dEg57c root@ubuntu-bionic
[   39.766613] cloud-init[643]: The key's randomart image is:
[   39.766651] cloud-init[643]: +---[DSA 1024]----+
[   39.766702] cloud-init[643]: |      .    . o   |
[   39.766734] cloud-init[643]: |   .   o .  + o  |
[   39.766762] cloud-init[643]: |  . o . o .. + o |
[   39.766789] cloud-init[643]: |   o . . o. = =..|
[   39.766818] cloud-init[643]: |    . ..S  + +.E.|
[   39.766848] cloud-init[643]: |     .+o.. ...  .|
[   39.766876] cloud-init[643]: |    .. *. + *    |
[   39.766905] cloud-init[643]: | o o. + oooB .   |
[   39.766937] cloud-init[643]: |+++oo  . =o .    |
[   39.766968] cloud-init[643]: +----[SHA256]-----+
[   39.766995] cloud-init[643]: Generating public/private ecdsa key pair.
[   39.767022] cloud-init[643]: Your identification has been saved in /etc/ssh/ssh_host_ecdsa_key.
[   39.767054] cloud-init[643]: Your public key has been saved in /etc/ssh/ssh_host_ecdsa_key.pub.
[   39.767082] cloud-init[643]: [0;32m  OK  [0m] Started ACPI Events Check.
[[0;32m  OK  [0m] Started Discard unused blocks once a week.
         Starting Socket activation for snappy daemon.
[[0;32m  OK  [0m] Listening on Open-iSCSI iscsid Socket.
[[0;32m  OK  [0m] Started Message of the Day.
[[0;32m  OK  [0m] Reached target Paths.
[[0;32m  OK  [0m] Listening on UUID daemon activation socket.
[[0;32m  OK  [0m] Started Daily Cleanup of Temporary Directories.
[[0;32m  OK  [0m] Listening on ACPID Listen Socket.
[[0;32m  OK  [0m] Listening on D-Bus System Message Bus Socket.
The key fingerprint is:
[[0;32m  OK  [0m] Started Daily apt download activities.
[   40.044647] [cloud-init[0;32m  OK  [0m[643]: ] SHA256:vigjyqc/3ygFkD8fRJR6Y+P+ECX7xN+vKOoEcKYNcAw root@ubuntu-bionicStarted Daily apt upgrade and clean activities.

[[0;32m  OK  [0m] Reached target Timers.
[   40.064616] cloud-init[643]: The key's randomart image is:
[   40.065648] cloud-init[643]: +---[ECDSA 256]---+
[   40.066574] cloud-init[643]: |Eoo oo.          |
[   40.067489] cloud-init[643]: |.+.  o           |
[   40.068387] cloud-init[643]: | oooo. .         |
[   40.069247] cloud-init[643]: |  B= *=          |
[   40.070163] cloud-init[643]: | . oBo+oS        |
[   40.071217] cloud-init[643]:          Starting LXD - unix socket.
|    .++.. .      |
[[0;32m  OK  [0m] Started Availability of block devices.
[[0;32m  OK  [0m] Listening on Socket activation for snappy daemon.
[[0;32m  OK  [0m] Listening on LXD - unix socket.
[[0;32m  OK  [0m] Reached target Sockets.
[[0;32m  OK  [0m] Reached target Basic System.
[   40.079872] cloud-init[643]: |    oo ... .     |
[   40.080655] cloud-init[643]: |. .++.+o .. .    |
[   40.081344] cloud-init[643]: |.++o=B+oo. ...   |
[   40.082004] cloud-init[643]: +----[SHA256]-----+
[   40.082637] cloud-init[643]: Generating public/private ed25519 key pair.
[   40.083558] cloud-init[643]: Your identification has been saved in /etc/ssh/ssh_host_ed25519_key.
[   40.084809] cloud-init[643]: Your public key has been saved in /etc/ssh/ssh_host_ed25519_key.pub.
[   40.085961] cloud-init[643]: The key fingerprint is:
[   40.086651] cloud-init[643]: SHA256:p+G6huw6E6NqHOtanW84patuT0wz0lvUnWPhxeLqHlk root@ubuntu-bionic
         Starting Pollinate to seed the pseudo random number generator...
[   40.108446] cloud-init[643]: The key's randomart image is:
[[0;32m  OK  [0m] Started Deferred execution scheduler.
[   40.124289] cloud-init[643]: +--[ED25519 256]--+
         Starting LXD - container startup/shutdown...
[   40.145235] cloud-init[643]: |          ...    |
[   40.150197]          Starting System Logging Service...
cloud-init[[0;32m  OK  [0m] Started D-Bus System Message Bus.
[643]: |       . o.+.    |
[   40.155914] cloud-init[643]: |      . ..*.     |
[   40.158228] cloud-init[643]: |   . .   ...     |
[   40.177508] cloud-init[643]: |  . = . S.E      |
[   40.179335] cloud-init[643]: | .o= *...*       |
[   40.187535] cloud-init[643]: |..++*= .=        |
[   40.188565] cloud-init[643]: |.=+.*.o...       |
[   40.189417] cloud-init[643]: |B++B+=+o.        |
[   40.190231] cloud-init[643]: +----[SHA256]-----+
[[0;32m  OK  [0m] Started irqbalance daemon.
         Starting Dispatcher daemon for systemd-networkd...
[[0;32m  OK  [0m] Started FUSE filesystem for LXC.
         Starting Accounts Service...
[[0;32m  OK  [0m] Started Regular background program processing daemon.
         Starting LSB: Record successful boot for GRUB...
         Starting Snappy daemon...
[[0;32m  OK  [0m] Started Unattended Upgrades Shutdown.
         Starting Virtualbox guest utils...
         Starting LSB: automatic crash report generation...
         Starting Permit User Sessions...
         Starting Login Service...
[[0;32m  OK  [0m] Started System Logging Service.
[[0;32m  OK  [0m] Started Permit User Sessions.
[[0;32m  OK  [0m] Started Login Service.
         Starting Terminate Plymouth Boot Screen...
         Starting Hold until boot process finishes up...
         Starting Authorization Manager...
[[0;32m  OK  [0m] Started Hold until boot process finishes up.
[[0;32m  OK  [0m] Started Terminate Plymouth Boot Screen.
[[0;32m  OK  [0m] Started Serial Getty on ttyS0.
         Starting Set console scheme...
[[0;32m  OK  [0m] Started LSB: Record successful boot for GRUB.
[[0;32m  OK  [0m] Started Set console scheme.
[[0;32m  OK  [0m] Created slice system-getty.slice.
[[0;32m  OK  [0m] Started Getty on tty1.
[[0;32m  OK  [0m] Reached target Login Prompts.
[[0;32m  OK  [0m] Started LSB: automatic crash report generation.
[[0;32m  OK  [0m] Started Authorization Manager.
[[0;32m  OK  [0m] Started Accounts Service.
[[0;32m  OK  [0m] Started Virtualbox guest utils.
[[0;32m  OK  [0m] Started Dispatcher daemon for systemd-networkd.
[[0;32m  OK  [0m] Started LXD - container startup/shutdown.
[[0;32m  OK  [0m] Started Snappy daemon.
         Starting Wait until snapd is fully seeded...
[[0;32m  OK  [0m] Started Pollinate to seed the pseudo random number generator.
         Starting OpenBSD Secure Shell server...
[[0;32m  OK  [0m] Started OpenBSD Secure Shell server.

Ubuntu 18.04.1 LTS ubuntu-bionic ttyS0

ubuntu-bionic login: [   51.470544] cloud-init[1271]: Cloud-init v. 18.3-9-g2e62cb8a-0ubuntu1~18.04.2 running 'modules:config' at Sun, 04 Nov 2018 12:31:58 +0000. Up 48.69 seconds.
ci-info: no authorized ssh keys fingerprints found for user ubuntu.
<14>Nov  4 12:32:02 ec2: 
<14>Nov  4 12:32:02 ec2: #############################################################
<14>Nov  4 12:32:02 ec2: -----BEGIN SSH HOST KEY FINGERPRINTS-----
<14>Nov  4 12:32:02 ec2: 1024 SHA256:/mW2KGciGXmy6KyMu19B0h/xh2tv01Y9iLF84dEg57c root@ubuntu-bionic (DSA)
<14>Nov  4 12:32:02 ec2: 256 SHA256:vigjyqc/3ygFkD8fRJR6Y+P+ECX7xN+vKOoEcKYNcAw root@ubuntu-bionic (ECDSA)
<14>Nov  4 12:32:02 ec2: 256 SHA256:p+G6huw6E6NqHOtanW84patuT0wz0lvUnWPhxeLqHlk root@ubuntu-bionic (ED25519)
<14>Nov  4 12:32:02 ec2: 2048 SHA256:0LbF8fXyRYc/YPJ+vUtKDQlVNtKu1Sdjc8SZoHKc6Nw root@ubuntu-bionic (RSA)
<14>Nov  4 12:32:02 ec2: -----END SSH HOST KEY FINGERPRINTS-----
<14>Nov  4 12:32:02 ec2: #############################################################
-----BEGIN SSH HOST KEY KEYS-----
ecdsa-sha2-nistp256 AAAAE2VjZHNhLXNoYTItbmlzdHAyNTYAAAAIbmlzdHAyNTYAAABBBD2U7jxIXO0Amfbbj1USLnJJDtyXbNfKm6heYPqrNLL5KnaalHemGBc/7mRfRh/E+pLolPGOlT/jrh73p0iGwTE= root@ubuntu-bionic
ssh-ed25519 AAAAC3NzaC1lZDI1NTE5AAAAIJUrlkIvEs7EcnZilX8zk+3cDT0/y6QWTyHBJ93GwdNg root@ubuntu-bionic
ssh-rsa AAAAB3NzaC1yc2EAAAADAQABAAABAQC/x3uhPagiOpj3OugQR2myKpccXj/cSqPngbq1EUdu/H4kHpqgGeZG2SwobNupF3I07+4cgbk3km8dKqLFnJYblX4E/3llCdjq5s1Y4BHMcUi4hRJbGe7xewT0rnmB/LJ3PPUQwAe0kfQ6H92/oTloPP+naaopl9iV2pCwykQX/bO6Tyl3Xy+V3U/G4xezGDN7P09v/1TxwA0fS6u0kCFWE8EHhyPmVd5qXEayKf0vdgaisAECHRIcA32/fKQtKo8FeZl+BxPgTdstHVqhrJNIeDkGc0LDt4rrd3ZOxvfQznc9PWmtswo1LmXM2EOMcwxuqC9GrNnjTIG3eJukggXN root@ubuntu-bionic
-----END SSH HOST KEY KEYS-----
[   52.277376] cloud-init[1375]: Cloud-init v. 18.3-9-g2e62cb8a-0ubuntu1~18.04.2 running 'modules:final' at Sun, 04 Nov 2018 12:32:02 +0000. Up 51.85 seconds.
[   52.277498] cloud-init[1375]: ci-info: no authorized ssh keys fingerprints found for user ubuntu.
[   52.277562] cloud-init[1375]: Cloud-init v. 18.3-9-g2e62cb8a-0ubuntu1~18.04.2 finished at Sun, 04 Nov 2018 12:32:02 +0000. Datasource DataSourceNoCloud [seed=/dev/sdb][dsmode=net].  Up 52.26 seconds
